// Jest Snapshot v1, https://goo.gl/fbAQLP

exports[`CheckBox renders correctly 1`] = `
<li>
  <input
    id={1}
    name="checkboxtest"
    onChange={[Function]}
    type="checkbox"
    value="checkboxtest"
  />
  <label
    htmlFor={1}
  >
    checkboxtest
  </label>
  <br />
</li>
`;
