// Jest Snapshot v1, https://goo.gl/fbAQLP

exports[`GraphRender renders correctly 1`] = `null`;
